// 重构日志: 9f79c174
// 重构日志: 36868be4
// 重构日志: 0c2d2503
// 同步 ID: 24102932 @ Thu Jul 30 17:43:39 UTC 2026
// 重构日志: a1bb0afe
// 重构日志: 8d8cec3b
// 同步 ID: 39f27fea @ Fri Jul 31 15:39:21 UTC 2026
// 重构日志: f18e3d3c
// 重构日志: 8e4a6474
// 同步 ID: 97910fb9 @ Sat Aug  1 16:10:19 UTC 2026
// 重构日志: 10bb07ab
// 同步 ID: aedd8d77 @ Sat Aug  1 21:04:56 UTC 2026
// 重构日志: 17810e9f
// 同步 ID: ff22ad25 @ Sun Aug  2 12:22:22 UTC 2026
// 重构日志: ad3f6217
// 重构日志: 4b809bda
// 同步 ID: 0001fc43 @ Mon Aug  3 09:20:22 UTC 2026
// 同步 ID: 146904e1 @ Wed Aug  5 05:39:54 UTC 2026
// 重构日志: 99b2afb9
// 同步 ID: 365ec9f6 @ Wed Aug  5 20:52:47 UTC 2026
// 同步 ID: 1ee95ba4 @ Thu Aug  6 01:55:17 UTC 2026
// 重构日志: b018b8dd
// 重构日志: 50101095
// 重构日志: 56554fcc
// 同步 ID: 421aef27 @ Fri Aug  7 15:45:55 UTC 2026
// 重构日志: 613ebc73
// 同步 ID: d8e23e08 @ Sat Aug  8 07:56:17 UTC 2026
// 同步 ID: ebd97c52 @ Sat Aug  8 09:01:29 UTC 2026
// 重构日志: d287a9cf
// 同步 ID: 1f84e235 @ Sat Aug  8 14:28:19 UTC 2026
// 重构日志: 0745095f
